// Jest Snapshot v1, https://goo.gl/fbAQLP

exports[`header component should be render 1`] = `
<View
  style={
    {
      "alignItems": "center",
      "flexDirection": "row",
      "height": "100%",
      "justifyContent": "center",
      "width": "100%",
    }
  }
>
  <Image
    source={1}
    style={
      {
        "height": 26,
        "marginHorizontal": 10,
        "width": 26,
      }
    }
  />
  <Text
    style={
      {
        "color": "#333",
        "fontSize": 20,
        "fontWeight": "bold",
        "letterSpacing": 1,
      }
    }
  >
    GameZone
  </Text>
</View>
`;
